
> customvenom-frontend@0.1.0 build
> prisma generate && next build

node.exe : 'prisma' is not recognized as an internal or 
external command,
At line:1 char:72
+ ... m-frontend; & "C:\Program Files\nodejs\node.exe" 
"C:\Program Files\no ...
+                 
~~~~~~~~~~~~~~~~~~~~~~~~~~~~~~~~~~~~~~~~~~~~~~~~~~~~~~~~~
    + CategoryInfo          : NotSpecified: ('prisma' is no 
   t...ternal command,:String) [], RemoteException
    + FullyQualifiedErrorId : NativeCommandError
 
operable program or batch file.
